// Jest Snapshot v1, https://goo.gl/fbAQLP

exports[`query: Get all of a user's matches 1`] = `
Object {
  "data": Object {
    "user": Object {
      "id": "1",
      "matches": Array [
        Object {
          "id": "1",
        },
        Object {
          "id": "5",
        },
      ],
    },
  },
}
`;
