// Jest Snapshot v1, https://goo.gl/fbAQLP

exports[`query: Get all of a ladder's matches paginated with limit and offset 1`] = `
Object {
  "data": Object {
    "ladder": Object {
      "id": "1",
      "matches": Array [
        Object {
          "createdAt": "2018-12-06 05:46:42",
          "id": "6",
        },
      ],
    },
  },
}
`;
