// Jest Snapshot v1, https://goo.gl/fbAQLP

exports[`query: Get all of a user's matches paginated with offset and limit 1`] = `
Object {
  "data": Object {
    "user": Object {
      "id": "2",
      "matchCount": 4,
      "matches": Array [
        Object {
          "createdAt": "2018-11-03 05:46:42",
          "id": "7",
        },
        Object {
          "createdAt": "2018-09-17 01:38:13",
          "id": "4",
        },
      ],
    },
  },
}
`;
