// Jest Snapshot v1, https://goo.gl/fbAQLP

exports[`query: Get all matches paginated with limit and offset 1`] = `
Object {
  "data": Object {
    "matches": Array [
      Object {
        "createdAt": "2018-12-07 05:46:42",
        "id": "1",
      },
      Object {
        "createdAt": "2018-12-06 05:46:42",
        "id": "6",
      },
      Object {
        "createdAt": "2018-11-03 05:46:42",
        "id": "7",
      },
    ],
  },
}
`;
