// Jest Snapshot v1, https://goo.gl/fbAQLP

exports[`query: Get all matches paginated with limit and offset 1`] = `
Object {
  "data": Object {
    "matches": Array [
      Object {
        "createdAt": "2018-12-07 05:46:42",
        "id": "1",
      },
      Object {
        "createdAt": "2018-09-17 01:38:13",
        "id": "4",
      },
      Object {
        "createdAt": "2018-08-22 00:10:00",
        "id": "2",
      },
    ],
  },
}
`;
