// Jest Snapshot v1, https://goo.gl/fbAQLP

exports[`query: Get all of a user's ladders 1`] = `
Object {
  "data": Object {
    "user": Object {
      "id": "1",
      "ladders": Array [
        Object {
          "id": "1",
          "ladderName": "Tagpad",
        },
        Object {
          "id": "2",
          "ladderName": "Kamba",
        },
        Object {
          "id": "3",
          "ladderName": "Skyvu",
        },
        Object {
          "id": "4",
          "ladderName": "Thoughtworks",
        },
        Object {
          "id": "5",
          "ladderName": "Yakijo",
        },
      ],
    },
  },
}
`;
