// Jest Snapshot v1, https://goo.gl/fbAQLP

exports[`query: Get a user's rank in all of their ladders 1`] = `
Object {
  "data": Object {
    "user": Object {
      "id": "1",
      "userLadders": Array [
        Object {
          "id": "1:1",
          "ladder": Object {
            "id": "1",
            "ladderName": "Tagpad",
          },
          "rank": 3,
        },
        Object {
          "id": "2:1",
          "ladder": Object {
            "id": "2",
            "ladderName": "Kamba",
          },
          "rank": 3,
        },
        Object {
          "id": "3:1",
          "ladder": Object {
            "id": "3",
            "ladderName": "Skyvu",
          },
          "rank": 3,
        },
        Object {
          "id": "4:1",
          "ladder": Object {
            "id": "4",
            "ladderName": "Thoughtworks",
          },
          "rank": 3,
        },
        Object {
          "id": "5:1",
          "ladder": Object {
            "id": "5",
            "ladderName": "Yakijo",
          },
          "rank": 3,
        },
      ],
    },
  },
}
`;
